/home/dayhatt/workspace/outreach/python-humanize-humanize/pyproject.toml:75: error: RUF201 Rule code used instead of name in `lint.select`
/home/dayhatt/workspace/outreach/python-humanize-humanize/pyproject.toml:76: error: RUF201 Rule code used instead of name in `lint.select`
/home/dayhatt/workspace/outreach/python-humanize-humanize/pyproject.toml:82: error: RUF201 Rule code used instead of name in `lint.ignore`
/home/dayhatt/workspace/outreach/python-humanize-humanize/pyproject.toml:83: error: RUF201 Rule code used instead of name in `lint.ignore`
/home/dayhatt/workspace/outreach/python-humanize-humanize/pyproject.toml:84: error: RUF201 Rule code used instead of name in `lint.ignore`
/home/dayhatt/workspace/outreach/python-humanize-humanize/pyproject.toml:85: error: RUF201 Rule code used instead of name in `lint.ignore`
/home/dayhatt/workspace/outreach/python-humanize-humanize/pyproject.toml:86: error: RUF201 Rule code used instead of name in `lint.ignore`
/home/dayhatt/workspace/outreach/python-humanize-humanize/src/humanize/filesize.py:42: error: FBT001 Boolean-typed positional argument in function definition
/home/dayhatt/workspace/outreach/python-humanize-humanize/src/humanize/filesize.py:42: error: FBT002 Boolean default positional argument in function definition
/home/dayhatt/workspace/outreach/python-humanize-humanize/src/humanize/filesize.py:43: error: FBT001 Boolean-typed positional argument in function definition
/home/dayhatt/workspace/outreach/python-humanize-humanize/src/humanize/filesize.py:43: error: FBT002 Boolean default positional argument in function definition
/home/dayhatt/workspace/outreach/python-humanize-humanize/src/humanize/filesize.py:44: error: A002 Function argument `format` is shadowing a Python builtin
/home/dayhatt/workspace/outreach/python-humanize-humanize/src/humanize/number.py:11: error: N812 Lowercase `_ngettext_noop` imported as non-lowercase `NS_`
/home/dayhatt/workspace/outreach/python-humanize-humanize/src/humanize/number.py:12: error: N812 Lowercase `_pgettext` imported as non-lowercase `P_`
/home/dayhatt/workspace/outreach/python-humanize-humanize/src/humanize/number.py:159: error: SIM108 Use ternary operator `value = float(value) if "." in value else int(value)` instead of `if`-`else`-block
/home/dayhatt/workspace/outreach/python-humanize-humanize/src/humanize/number.py:170: error: SIM108 Use ternary operator `result = f"{value:,.{ndigits}f}" if ndigits is not None else f"{value:,}"` instead of `if`-`else`-block
/home/dayhatt/workspace/outreach/python-humanize-humanize/src/humanize/number.py:196: error: A002 Function argument `format` is shadowing a Python builtin
/home/dayhatt/workspace/outreach/python-humanize-humanize/src/humanize/number.py:429: error: A002 Function argument `format` is shadowing a Python builtin
/home/dayhatt/workspace/outreach/python-humanize-humanize/src/humanize/number.py:432: error: S107 Possible hardcoded password assigned to function default: "floor_token"
/home/dayhatt/workspace/outreach/python-humanize-humanize/src/humanize/number.py:433: error: S107 Possible hardcoded password assigned to function default: "ceil_token"
/home/dayhatt/workspace/outreach/python-humanize-humanize/src/humanize/number.py:564: error: SIM108 Use ternary operator `space = "" if not (unit or ordinal_) or unit in ("°", "′", "″") else " "` instead of `if`-`else`-block
/home/dayhatt/workspace/outreach/python-humanize-humanize/src/humanize/number.py:564: error: RUF001 String contains ambiguous `′` (PRIME). Did you mean ``` (GRAVE ACCENT)?
/home/dayhatt/workspace/outreach/python-humanize-humanize/src/humanize/time.py:52: error: DTZ005 `datetime.datetime.now()` called without a `tz` argument
/home/dayhatt/workspace/outreach/python-humanize-humanize/src/humanize/time.py:97: error: C901 `naturaldelta` is too complex (28 > 8)
/home/dayhatt/workspace/outreach/python-humanize-humanize/src/humanize/time.py:99: error: FBT001 Boolean-typed positional argument in function definition
/home/dayhatt/workspace/outreach/python-humanize-humanize/src/humanize/time.py:99: error: FBT002 Boolean default positional argument in function definition
/home/dayhatt/workspace/outreach/python-humanize-humanize/src/humanize/time.py:253: error: FBT001 Boolean-typed positional argument in function definition
/home/dayhatt/workspace/outreach/python-humanize-humanize/src/humanize/time.py:253: error: FBT002 Boolean default positional argument in function definition
/home/dayhatt/workspace/outreach/python-humanize-humanize/src/humanize/time.py:254: error: FBT001 Boolean-typed positional argument in function definition
/home/dayhatt/workspace/outreach/python-humanize-humanize/src/humanize/time.py:254: error: FBT002 Boolean default positional argument in function definition
/home/dayhatt/workspace/outreach/python-humanize-humanize/src/humanize/time.py:312: error: DTZ006 `datetime.datetime.fromtimestamp()` called without a `tz` argument
/home/dayhatt/workspace/outreach/python-humanize-humanize/src/humanize/time.py:322: error: DTZ011 `datetime.date.today()` used
/home/dayhatt/workspace/outreach/python-humanize-humanize/src/humanize/time.py:325: error: A002 Function argument `format` is shadowing a Python builtin
/home/dayhatt/workspace/outreach/python-humanize-humanize/src/humanize/time.py:386: error: A002 Function argument `format` is shadowing a Python builtin
/home/dayhatt/workspace/outreach/python-humanize-humanize/src/humanize/time.py:470: error: C901 `precisedelta` is too complex (15 > 8)
/home/dayhatt/workspace/outreach/python-humanize-humanize/src/humanize/time.py:474: error: A002 Function argument `format` is shadowing a Python builtin
/home/dayhatt/workspace/outreach/python-humanize-humanize/src/humanize/time.py:563: error: N806 Variable `MILLISECONDS` in function should be lowercase
/home/dayhatt/workspace/outreach/python-humanize-humanize/src/humanize/time.py:564: error: N806 Variable `SECONDS` in function should be lowercase
/home/dayhatt/workspace/outreach/python-humanize-humanize/src/humanize/time.py:565: error: N806 Variable `MINUTES` in function should be lowercase
/home/dayhatt/workspace/outreach/python-humanize-humanize/src/humanize/time.py:566: error: N806 Variable `HOURS` in function should be lowercase
/home/dayhatt/workspace/outreach/python-humanize-humanize/src/humanize/time.py:567: error: N806 Variable `DAYS` in function should be lowercase
/home/dayhatt/workspace/outreach/python-humanize-humanize/src/humanize/time.py:568: error: N806 Variable `MONTHS` in function should be lowercase
/home/dayhatt/workspace/outreach/python-humanize-humanize/src/humanize/time.py:569: error: N806 Variable `YEARS` in function should be lowercase
/home/dayhatt/workspace/outreach/python-humanize-humanize/src/humanize/time.py:574: error: ERA001 Found commented-out code
/home/dayhatt/workspace/outreach/python-humanize-humanize/src/humanize/time.py:577: error: ERA001 Found commented-out code
/home/dayhatt/workspace/outreach/python-humanize-humanize/src/humanize/time.py:580: error: ERA001 Found commented-out code
/home/dayhatt/workspace/outreach/python-humanize-humanize/src/humanize/time.py:652: error: RUF052 Local dummy variable `_fmt_value` is accessed
/home/dayhatt/workspace/outreach/python-humanize-humanize/src/humanize/time.py:677: error: A002 Function argument `format` is shadowing a Python builtin
/home/dayhatt/workspace/outreach/python-humanize-humanize/tests/test_benchmarks.py:20: error: DTZ005 `datetime.datetime.now()` called without a `tz` argument
/home/dayhatt/workspace/outreach/python-humanize-humanize/tests/test_benchmarks.py:21: error: DTZ011 `datetime.date.today()` used
/home/dayhatt/workspace/outreach/python-humanize-humanize/tests/test_benchmarks.py:53: error: DTZ011 `datetime.date.today()` used
/home/dayhatt/workspace/outreach/python-humanize-humanize/tests/test_benchmarks.py:57: error: DTZ011 `datetime.date.today()` used
/home/dayhatt/workspace/outreach/python-humanize-humanize/tests/test_benchmarks.py:69: error: DTZ005 `datetime.datetime.now()` called without a `tz` argument
/home/dayhatt/workspace/outreach/python-humanize-humanize/tests/test_filesize.py:13: error: PT006 Wrong type passed to first argument of `pytest.mark.parametrize`; expected `tuple`
/home/dayhatt/workspace/outreach/python-humanize-humanize/tests/test_i18n.py:14: error: UP017 Use `datetime.UTC` alias
/home/dayhatt/workspace/outreach/python-humanize-humanize/tests/test_i18n.py:100: error: PT006 Wrong type passed to first argument of `pytest.mark.parametrize`; expected `tuple`
/home/dayhatt/workspace/outreach/python-humanize-humanize/tests/test_i18n.py:183: error: PT006 Wrong type passed to first argument of `pytest.mark.parametrize`; expected `tuple`
/home/dayhatt/workspace/outreach/python-humanize-humanize/tests/test_i18n.py:218: error: PT006 Wrong type passed to first argument of `pytest.mark.parametrize`; expected `tuple`
/home/dayhatt/workspace/outreach/python-humanize-humanize/tests/test_i18n.py:241: error: PT006 Wrong type passed to first argument of `pytest.mark.parametrize`; expected `tuple`
/home/dayhatt/workspace/outreach/python-humanize-humanize/tests/test_i18n.py:307: error: PLR6301 Method `test_en_locale` could be a function, class method, or static method
/home/dayhatt/workspace/outreach/python-humanize-humanize/tests/test_i18n.py:320: error: PLR6301 Method `test_none_locale` could be a function, class method, or static method
/home/dayhatt/workspace/outreach/python-humanize-humanize/tests/test_lists.py:9: error: PT006 Wrong type passed to first argument of `pytest.mark.parametrize`; expected `tuple`
/home/dayhatt/workspace/outreach/python-humanize-humanize/tests/test_number.py:15: error: PT006 Wrong type passed to first argument of `pytest.mark.parametrize`; expected `tuple`
/home/dayhatt/workspace/outreach/python-humanize-humanize/tests/test_number.py:42: error: PT006 Wrong type passed to first argument of `pytest.mark.parametrize`; expected `tuple`
/home/dayhatt/workspace/outreach/python-humanize-humanize/tests/test_number.py:92: error: PT006 Wrong type passed to first argument of `pytest.mark.parametrize`; expected `tuple`
/home/dayhatt/workspace/outreach/python-humanize-humanize/tests/test_number.py:145: error: PT006 Wrong type passed to first argument of `pytest.mark.parametrize`; expected `tuple`
/home/dayhatt/workspace/outreach/python-humanize-humanize/tests/test_number.py:168: error: PT006 Wrong type passed to first argument of `pytest.mark.parametrize`; expected `tuple`
/home/dayhatt/workspace/outreach/python-humanize-humanize/tests/test_number.py:197: error: PT006 Wrong type passed to first argument of `pytest.mark.parametrize`; expected `tuple`
/home/dayhatt/workspace/outreach/python-humanize-humanize/tests/test_number.py:228: error: PT006 Wrong type passed to first argument of `pytest.mark.parametrize`; expected `tuple`
/home/dayhatt/workspace/outreach/python-humanize-humanize/tests/test_number.py:248: error: PT006 Wrong type passed to first argument of `pytest.mark.parametrize`; expected `tuple`
/home/dayhatt/workspace/outreach/python-humanize-humanize/tests/test_time.py:29: error: DTZ005 `datetime.datetime.now()` called without a `tz` argument
/home/dayhatt/workspace/outreach/python-humanize-humanize/tests/test_time.py:30: error: UP017 Use `datetime.UTC` alias
/home/dayhatt/workspace/outreach/python-humanize-humanize/tests/test_time.py:32: error: DTZ011 `datetime.date.today()` used
/home/dayhatt/workspace/outreach/python-humanize-humanize/tests/test_time.py:62: error: DTZ005 `datetime.datetime.now()` called without a `tz` argument
/home/dayhatt/workspace/outreach/python-humanize-humanize/tests/test_time.py:80: error: PT006 Wrong type passed to first argument of `pytest.mark.parametrize`; expected `tuple`
/home/dayhatt/workspace/outreach/python-humanize-humanize/tests/test_time.py:93: error: PT006 Wrong type passed to first argument of `pytest.mark.parametrize`; expected `tuple`
/home/dayhatt/workspace/outreach/python-humanize-humanize/tests/test_time.py:143: error: PT006 Wrong type passed to first argument of `pytest.mark.parametrize`; expected `tuple`
/home/dayhatt/workspace/outreach/python-humanize-humanize/tests/test_time.py:192: error: PT006 Wrong type passed to first argument of `pytest.mark.parametrize`; expected `tuple`
/home/dayhatt/workspace/outreach/python-humanize-humanize/tests/test_time.py:241: error: PT006 Wrong type passed to first argument of `pytest.mark.parametrize`; expected `tuple`
/home/dayhatt/workspace/outreach/python-humanize-humanize/tests/test_time.py:261: error: PT006 Wrong type passed to first argument of `pytest.mark.parametrize`; expected `tuple`
/home/dayhatt/workspace/outreach/python-humanize-humanize/tests/test_time.py:306: error: UP017 Use `datetime.UTC` alias
/home/dayhatt/workspace/outreach/python-humanize-humanize/tests/test_time.py:330: error: PT006 Wrong type passed to first argument of `pytest.mark.parametrize`; expected `tuple`
/home/dayhatt/workspace/outreach/python-humanize-humanize/tests/test_time.py:352: error: PT006 Wrong type passed to first argument of `pytest.mark.parametrize`; expected `tuple`
/home/dayhatt/workspace/outreach/python-humanize-humanize/tests/test_time.py:377: error: RUF003 Comment contains ambiguous `µ` (MICRO SIGN). Did you mean `μ` (GREEK SMALL LETTER MU)?
/home/dayhatt/workspace/outreach/python-humanize-humanize/tests/test_time.py:378: error: RUF003 Comment contains ambiguous `µ` (MICRO SIGN). Did you mean `μ` (GREEK SMALL LETTER MU)?
/home/dayhatt/workspace/outreach/python-humanize-humanize/tests/test_time.py:399: error: PT006 Wrong type passed to first argument of `pytest.mark.parametrize`; expected `tuple`
/home/dayhatt/workspace/outreach/python-humanize-humanize/tests/test_time.py:422: error: PT006 Wrong type passed to first argument of `pytest.mark.parametrize`; expected `tuple`
/home/dayhatt/workspace/outreach/python-humanize-humanize/tests/test_time.py:447: error: RUF003 Comment contains ambiguous `µ` (MICRO SIGN). Did you mean `μ` (GREEK SMALL LETTER MU)?
/home/dayhatt/workspace/outreach/python-humanize-humanize/tests/test_time.py:448: error: RUF003 Comment contains ambiguous `µ` (MICRO SIGN). Did you mean `μ` (GREEK SMALL LETTER MU)?
/home/dayhatt/workspace/outreach/python-humanize-humanize/tests/test_time.py:468: error: PT006 Wrong type passed to first argument of `pytest.mark.parametrize`; expected `tuple`
/home/dayhatt/workspace/outreach/python-humanize-humanize/tests/test_time.py:508: error: PT006 Wrong type passed to first argument of `pytest.mark.parametrize`; expected `tuple`
/home/dayhatt/workspace/outreach/python-humanize-humanize/tests/test_time.py:547: error: PT006 Wrong type passed to first argument of `pytest.mark.parametrize`; expected `tuple`
/home/dayhatt/workspace/outreach/python-humanize-humanize/tests/test_time.py:574: error: PT006 Wrong type passed to first argument of `pytest.mark.parametrize`; expected `tuple`
/home/dayhatt/workspace/outreach/python-humanize-humanize/tests/test_time.py:638: error: PT006 Wrong type passed to first argument of `pytest.mark.parametrize`; expected `tuple`
/home/dayhatt/workspace/outreach/python-humanize-humanize/tests/test_time.py:740: error: PT006 Wrong type passed to first argument of `pytest.mark.parametrize`; expected `tuple`
/home/dayhatt/workspace/outreach/python-humanize-humanize/tests/test_time.py:841: error: PT006 Wrong type passed to first argument of `pytest.mark.parametrize`; expected `tuple`
src/humanize/i18n.py:49: major: invalid-argument-type invalid-argument-type: Argument to function `files` is incorrect: Expected `str | ModuleType`, found `(ModuleSpec & ~AlwaysTruthy & ~AlwaysFalsy) | (str & ~AlwaysFalsy)`
tests/test_benchmarks.py:7: major: unresolved-import unresolved-import: Cannot resolve imported module `pytest`
tests/test_benchmarks.py:13: major: unresolved-import unresolved-import: Cannot resolve imported module `pytest_codspeed`
tests/test_filesize.py:7: major: unresolved-import unresolved-import: Cannot resolve imported module `pytest`
tests/test_filesize.py:97: major: invalid-argument-type invalid-argument-type: Argument to function `naturalsize` is incorrect: Expected `bool`, found `int`
tests/test_filesize.py:97: major: invalid-argument-type invalid-argument-type: Argument to function `naturalsize` is incorrect: Expected `bool`, found `int`
tests/test_filesize.py:97: major: invalid-argument-type invalid-argument-type: Argument to function `naturalsize` is incorrect: Expected `str`, found `int`
tests/test_filesize.py:105: major: invalid-argument-type invalid-argument-type: Argument to function `naturalsize` is incorrect: Expected `bool`, found `int`
tests/test_filesize.py:105: major: invalid-argument-type invalid-argument-type: Argument to function `naturalsize` is incorrect: Expected `bool`, found `int`
tests/test_filesize.py:105: major: invalid-argument-type invalid-argument-type: Argument to function `naturalsize` is incorrect: Expected `str`, found `int`
tests/test_i18n.py:8: major: unresolved-import unresolved-import: Cannot resolve imported module `pytest`
tests/test_i18n.py:9: major: unresolved-import unresolved-import: Cannot resolve imported module `freezegun`
tests/test_lists.py:3: major: unresolved-import unresolved-import: Cannot resolve imported module `pytest`
tests/test_lists.py:24: major: invalid-argument-type invalid-argument-type: Argument to function `natural_list` is incorrect: Expected `list[Any]`, found `str | int`
tests/test_number.py:8: major: unresolved-import unresolved-import: Cannot resolve imported module `pytest`
tests/test_number.py:83: major: invalid-argument-type invalid-argument-type: Argument to function `intcomma` is incorrect: Expected `int | None`, found `int | float | str`
tests/test_time.py:8: major: unresolved-import unresolved-import: Cannot resolve imported module `pytest`
tests/test_time.py:9: major: unresolved-import unresolved-import: Cannot resolve imported module `freezegun`
src/humanize/time.py:97: error: complexity function naturaldelta complexity rank E
src/humanize/time.py:467: error: complexity function precisedelta complexity rank D
src/humanize/number.py:504: error: complexity function metric complexity rank C
src/humanize/filesize.py:40: error: complexity function naturalsize complexity rank C
tests/test_i18n.py:18: error: complexity function test_i18n complexity rank C
tests/test_i18n.py:50: error: complexity function test_intcomma complexity rank C
radon.cc: error: p95-threshold P95 cyclomatic complexity 11.2500 exceeds ceiling 7
radon.cc: error: metric-summary Distribution n=106 median=2.0000 mean=3.6321
src/humanize/time.py:97: error: metric-offender cyclomatic complexity 33.00 (function naturaldelta)
src/humanize/time.py:467: error: metric-offender cyclomatic complexity 26.00 (function precisedelta)
tests/test_i18n.py:18: error: metric-offender cyclomatic complexity 15.00 (function test_i18n)
tests/test_i18n.py:50: error: metric-offender cyclomatic complexity 14.00 (function test_intcomma)
src/humanize/number.py:504: error: metric-offender cyclomatic complexity 12.00 (function metric)
src/humanize/filesize.py:40: error: metric-offender cyclomatic complexity 12.00 (function naturalsize)
src/humanize/number.py:116: error: metric-offender cyclomatic complexity 9.00 (function intcomma)
src/humanize/number.py:427: error: metric-offender cyclomatic complexity 9.00 (function clamp)
src/humanize/time.py:316: error: metric-offender cyclomatic complexity 8.00 (function naturalday)
src/humanize/number.py:196: error: metric-offender cyclomatic complexity 7.00 (function intword)
src/humanize/number.py:311: error: metric-offender cyclomatic complexity 7.00 (function fractional)
tests/test_time.py:61: error: metric-offender cyclomatic complexity 7.00 (function test_date_and_delta)
src/humanize/time.py:70: error: metric-offender cyclomatic complexity 6.00 (function _date_and_delta)
src/humanize/time.py:251: error: metric-offender cyclomatic complexity 6.00 (function naturaltime)
src/humanize/time.py:354: error: metric-offender cyclomatic complexity 6.00 (function naturaldate)
jscpd.check.other: error: threshold ERROR: jscpd found too many duplicates (12.8%) over threshold (5.0%)
.github/workflows/release.yml:48: error: duplicate Duplicated code: 14 lines (also .github/workflows/release.yml:72)
src/humanize/locale/ca_ES/LC_MESSAGES/humanize.po:20: error: duplicate Duplicated code: 54 lines (also src/humanize/locale/es_ES/LC_MESSAGES/humanize.po:21)
src/humanize/locale/ca_ES/LC_MESSAGES/humanize.po:20: error: duplicate Duplicated code: 104 lines (also src/humanize/locale/it_IT/LC_MESSAGES/humanize.po:21)
src/humanize/locale/ca_ES/LC_MESSAGES/humanize.po:20: error: duplicate Duplicated code: 110 lines (also src/humanize/locale/pt_BR/LC_MESSAGES/humanize.po:21)
src/humanize/locale/ca_ES/LC_MESSAGES/humanize.po:20: error: duplicate Duplicated code: 104 lines (also src/humanize/locale/pt_PT/LC_MESSAGES/humanize.po:21)
src/humanize/locale/ca_ES/LC_MESSAGES/humanize.po:186: error: duplicate Duplicated code: 13 lines (also src/humanize/locale/eu/LC_MESSAGES/humanize.po:187)
src/humanize/locale/ca_ES/LC_MESSAGES/humanize.po:186: error: duplicate Duplicated code: 13 lines (also src/humanize/locale/it_IT/LC_MESSAGES/humanize.po:187)
src/humanize/locale/da_DK/LC_MESSAGES/humanize.po:36: error: duplicate Duplicated code: 44 lines (also src/humanize/locale/sv_SE/LC_MESSAGES/humanize.po:35)
src/humanize/locale/da_DK/LC_MESSAGES/humanize.po:86: error: duplicate Duplicated code: 39 lines (also src/humanize/locale/sv_SE/LC_MESSAGES/humanize.po:85)
src/humanize/locale/da_DK/LC_MESSAGES/humanize.po:187: error: duplicate Duplicated code: 13 lines (also src/humanize/locale/nl_NL/LC_MESSAGES/humanize.po:188)
src/humanize/locale/da_DK/LC_MESSAGES/humanize.po:233: error: duplicate Duplicated code: 17 lines (also src/humanize/locale/sv_SE/LC_MESSAGES/humanize.po:232)
src/humanize/locale/da_DK/LC_MESSAGES/humanize.po:255: error: duplicate Duplicated code: 17 lines (also src/humanize/locale/sv_SE/LC_MESSAGES/humanize.po:254)
src/humanize/locale/da_DK/LC_MESSAGES/humanize.po:284: error: duplicate Duplicated code: 10 lines (also src/humanize/locale/sv_SE/LC_MESSAGES/humanize.po:283)
src/humanize/locale/de_DE/LC_MESSAGES/humanize.po:22: error: duplicate Duplicated code: 104 lines (also src/humanize/locale/eu/LC_MESSAGES/humanize.po:21)
src/humanize/locale/de_DE/LC_MESSAGES/humanize.po:22: error: duplicate Duplicated code: 104 lines (also src/humanize/locale/fi_FI/LC_MESSAGES/humanize.po:21)
src/humanize/locale/de_DE/LC_MESSAGES/humanize.po:22: error: duplicate Duplicated code: 104 lines (also src/humanize/locale/hu_HU/LC_MESSAGES/humanize.po:20)
src/humanize/locale/de_DE/LC_MESSAGES/humanize.po:22: error: duplicate Duplicated code: 104 lines (also src/humanize/locale/id_ID/LC_MESSAGES/humanize.po:21)
src/humanize/locale/de_DE/LC_MESSAGES/humanize.po:22: error: duplicate Duplicated code: 104 lines (also src/humanize/locale/pl_PL/LC_MESSAGES/humanize.po:23)
src/humanize/locale/de_DE/LC_MESSAGES/humanize.po:22: error: duplicate Duplicated code: 104 lines (also src/humanize/locale/sk_SK/LC_MESSAGES/humanize.po:21)
src/humanize/locale/de_DE/LC_MESSAGES/humanize.po:22: error: duplicate Duplicated code: 104 lines (also src/humanize/locale/sl_SI/LC_MESSAGES/humanize.po:22)
src/humanize/locale/de_DE/LC_MESSAGES/humanize.po:22: error: duplicate Duplicated code: 104 lines (also src/humanize/locale/tr_TR/LC_MESSAGES/humanize.po:23)
src/humanize/locale/de_DE/LC_MESSAGES/humanize.po:22: error: duplicate Duplicated code: 104 lines (also src/humanize/locale/vi_VN/LC_MESSAGES/humanize.po:22)
src/humanize/locale/eo/LC_MESSAGES/humanize.po:232: error: duplicate Duplicated code: 12 lines (also src/humanize/locale/zh_CN/LC_MESSAGES/humanize.po:233)
src/humanize/locale/eu/LC_MESSAGES/humanize.po:151: error: duplicate Duplicated code: 40 lines (also src/humanize/locale/tlh/LC_MESSAGES/humanize.po:150)
src/humanize/locale/ja_JP/LC_MESSAGES/humanize.po:191: error: duplicate Duplicated code: 45 lines (also src/humanize/locale/zh_CN/LC_MESSAGES/humanize.po:193)
src/humanize/locale/ja_JP/LC_MESSAGES/humanize.po:195: error: duplicate Duplicated code: 41 lines (also src/humanize/locale/zh_HK/LC_MESSAGES/humanize.po:198)
src/humanize/locale/ko_KR/LC_MESSAGES/humanize.po:181: error: duplicate Duplicated code: 45 lines (also src/humanize/locale/vi_VN/LC_MESSAGES/humanize.po:159)
src/humanize/locale/pt_BR/LC_MESSAGES/humanize.po:193: error: duplicate Duplicated code: 172 lines (also src/humanize/locale/pt_PT/LC_MESSAGES/humanize.po:193)
src/humanize/locale/ru_RU/LC_MESSAGES/humanize.po:211: error: duplicate Duplicated code: 15 lines (also src/humanize/locale/uk_UA/LC_MESSAGES/humanize.po:206)
src/humanize/locale/ru_RU/LC_MESSAGES/humanize.po:303: error: duplicate Duplicated code: 11 lines (also src/humanize/locale/uk_UA/LC_MESSAGES/humanize.po:298)
src/humanize/locale/ru_RU/LC_MESSAGES/humanize.po:359: error: duplicate Duplicated code: 13 lines (also src/humanize/locale/uk_UA/LC_MESSAGES/humanize.po:354)
src/humanize/locale/zh_CN/LC_MESSAGES/humanize.po:16: error: duplicate Duplicated code: 115 lines (also src/humanize/locale/zh_HK/LC_MESSAGES/humanize.po:17)
src/humanize/locale/zh_CN/LC_MESSAGES/humanize.po:151: error: duplicate Duplicated code: 34 lines (also src/humanize/locale/zh_HK/LC_MESSAGES/humanize.po:152)
src/humanize/locale/zh_CN/LC_MESSAGES/humanize.po:349: error: duplicate Duplicated code: 16 lines (also src/humanize/locale/zh_HK/LC_MESSAGES/humanize.po:350)
markdownlint.check: error: TOOL_EXIT .github/ISSUE_TEMPLATE.md:9:6 error MD009/no-trailing-spaces Trailing spaces [Expected: 0 or 2; Actual: 1]
.github/ISSUE_TEMPLATE.md:10:10 error MD009/no-trailing-spaces Trailing spaces [Expected: 0 or 2; Actual: 1]
.github/ISSUE_TEMPLATE.md:11:12 error MD009/no-trailing-spaces Trailing spaces [Expected: 0 or 2; Actual: 1]
.github/PULL_REQUEST_TEMPLATE.md:5:2 error MD009/no-trailing-spaces Trailing spaces [Expected: 0 or 2; Actual: 1]
.github/PULL_REQUEST_TEMPLATE.md:6:2 error MD009/no-trailing-spaces Trailing spaces [Expected: 0 or 2; Actual: 1]
.github/PULL_REQUEST_TEMPLATE.md:7:2 error MD009/no-trailing-spaces Trailing spaces [Expected: 0 or 2; Actual: 1]
RELEASING.md:9:7 error MD034/no-bare-urls Bare URL used [Context: "https://github.com/python-huma..."]
yamllint.check: error: TOOL_EXIT .github/FUNDING.yml
  2:11      error    string value is redundantly quoted with any quotes  (quoted-strings)

.github/labels.yml
  3:16      error    string value is redundantly quoted with any quotes  (quoted-strings)
  6:16      error    string value is redundantly quoted with any quotes  (quoted-strings)
  9:16      error    string value is redundantly quoted with any quotes  (quoted-strings)
  12:16     error    string value is redundantly quoted with any quotes  (quoted-strings)
  15:16     error    string value is redundantly quoted with any quotes  (quoted-strings)
  18:16     error    string value is redundantly quoted with any quotes  (quoted-strings)
  21:16     error    string value is redundantly quoted with any quotes  (quoted-strings)
  24:16     error    string value is redundantly quoted with any quotes  (quoted-strings)
  30:16     error    string value is redundantly quoted with any quotes  (quoted-strings)
  33:16     error    string value is redundantly quoted with any quotes  (quoted-strings)
  36:16     error    string value is redundantly quoted with any quotes  (quoted-strings)
  39:16     error    string value is redundantly quoted with any quotes  (quoted-strings)
  42:16     error    string value is redundantly quoted with any quotes  (quoted-strings)
  45:16     error    string value is redundantly quoted with any quotes  (quoted-strings)
  48:16     error    string value is redundantly quoted with any quotes  (quoted-strings)
  53:16     error    string value is redundantly quoted with any quotes  (quoted-strings)
  56:16     error    string value is redundantly quoted with any quotes  (quoted-strings)
  59:16     error    string value is redundantly quoted with any quotes  (quoted-strings)
  60:9      error    string value is redundantly quoted with any quotes  (quoted-strings)
  65:16     error    string value is redundantly quoted with any quotes  (quoted-strings)
  68:9      error    string value is redundantly quoted with any quotes  (quoted-strings)
  70:16     error    string value is redundantly quoted with any quotes  (quoted-strings)
  73:16     error    string value is redundantly quoted with any quotes  (quoted-strings)

.github/release-drafter.yml
  1:16      error    string value is redundantly quoted with any quotes  (quoted-strings)
  2:15      error    string value is redundantly quoted with any quotes  (quoted-strings)
  5:12      error    string value is redundantly quoted with any quotes  (quoted-strings)
  8:9       error    string value is redundantly quoted with any quotes  (quoted-strings)
  9:12      error    string value is redundantly quoted with any quotes  (quoted-strings)
  11:12     error    string value is redundantly quoted with any quotes  (quoted-strings)
  13:12     error    string value is redundantly quoted with any quotes  (quoted-strings)
  15:12     error    string value is redundantly quoted with any quotes  (quoted-strings)
  18:9      error    string value is redundantly quoted with any quotes  (quoted-strings)
  19:12     error    string value is redundantly quoted with any quotes  (quoted-strings)
  28:9      error    string value is redundantly quoted with any quotes  (quoted-strings)
  42:9      error    string value is redundantly quoted with any quotes  (quoted-strings)
  47:9      error    string value is redundantly quoted with any quotes  (quoted-strings)

.github/workflows/benchmark.yml
  15:73     warning  too few spaces before comment: expected 2  (comments)
  20:77     warning  too few spaces before comment: expected 2  (comments)
  37:74     warning  too few spaces before comment: expected 2  (comments)

.github/workflows/docs.yml
  15:73     warning  too few spaces before comment: expected 2  (comments)
  20:77     warning  too few spaces before comment: expected 2  (comments)
  22:27     error    string value is redundantly quoted with any quotes  (quoted-strings)
  25:75     warning  too few spaces before comment: expected 2  (comments)

.github/workflows/labels.yml
  17:73     warning  too few spaces before comment: expected 2  (comments)
  20:85     warning  too few spaces before comment: expected 2  (comments)

.github/workflows/lint.yml
  16:73     warning  too few spaces before comment: expected 2  (comments)
  19:73     warning  too few spaces before comment: expected 2  (comments)
  25:73     warning  too few spaces before comment: expected 2  (comments)
  28:77     warning  too few spaces before comment: expected 2  (comments)
  30:27     error    string value is redundantly quoted with any quotes  (quoted-strings)
  32:75     warning  too few spaces before comment: expected 2  (comments)

.github/workflows/release-drafter.yml
  28:88     warning  too few spaces before comment: expected 2  (comments)
  39:100    warning  too few spaces before comment: expected 2  (comments)
  39:101    error    line too long (107 > 100 characters)  (line-length)

.github/workflows/release.yml
  26:73     warning  too few spaces before comment: expected 2  (comments)
  39:95     warning  too few spaces before comment: expected 2  (comments)
  39:101    error    line too long (103 > 100 characters)  (line-length)
  56:82     warning  too few spaces before comment: expected 2  (comments)
  62:84     warning  too few spaces before comment: expected 2  (comments)
  80:82     warning  too few spaces before comment: expected 2  (comments)
  86:84     warning  too few spaces before comment: expected 2  (comments)

.github/workflows/require-pr-label.yml
  16:92     warning  too few spaces before comment: expected 2  (comments)

.github/workflows/test.yml
  18:13     error    string value is redundantly quoted with any quotes  (quoted-strings)
  19:13     error    string value is redundantly quoted with any quotes  (quoted-strings)
  21:13     error    string value is redundantly quoted with any quotes  (quoted-strings)
  30:73     warning  too few spaces before comment: expected 2  (comments)
  35:77     warning  too few spaces before comment: expected 2  (comments)
  56:75     warning  too few spaces before comment: expected 2  (comments)
  67:79     warning  too few spaces before comment: expected 2  (comments)
deptry.check: error: DEP002 'freezegun' defined as a dependency but not used in the codebase
deptry.check: error: DEP002 'pytest' defined as a dependency but not used in the codebase
deptry.check: error: DEP002 'pytest-benchmark' defined as a dependency but not used in the codebase
deptry.check: error: DEP002 'pytest-codspeed' defined as a dependency but not used in the codebase
deptry.check: error: DEP002 'pytest-cov' defined as a dependency but not used in the codebase
src/humanize/__init__.py:14: error: DEP001 'humanize' imported but missing from the dependency definitions
src/humanize/__init__.py:15: error: DEP001 'humanize' imported but missing from the dependency definitions
src/humanize/__init__.py:16: error: DEP001 'humanize' imported but missing from the dependency definitions
src/humanize/__init__.py:17: error: DEP001 'humanize' imported but missing from the dependency definitions
src/humanize/__init__.py:27: error: DEP001 'humanize' imported but missing from the dependency definitions
src/humanize/filesize.py:9: error: DEP001 'humanize' imported but missing from the dependency definitions
src/humanize/time.py:1: error: module-size src/humanize/time.py has 532 lines (module cap 500)
tests/test_time.py:1: error: module-size tests/test_time.py has 780 lines (module cap 500)
src/humanize/i18n.py:15: error: private-assignment src/humanize/i18n.py:15:_TRANSLATIONS: dict[str | None, gettext_module.NullTranslations] = {
src/humanize/i18n.py:18: error: private-assignment src/humanize/i18n.py:18:_CURRENT = local()
src/humanize/i18n.py:22: error: private-assignment src/humanize/i18n.py:22:_THOUSANDS_SEPARATOR: dict[str | None, str] = {
src/humanize/i18n.py:32: error: private-assignment src/humanize/i18n.py:32:_DECIMAL_SEPARATOR: dict[str | None, str] = {
src/humanize/i18n.py:42: error: private-function src/humanize/i18n.py:42:def _get_default_locale_path() -> pathlib.Path | None:
src/humanize/i18n.py:100: error: private-function src/humanize/i18n.py:100:def _gettext(message: str) -> str:
src/humanize/i18n.py:112: error: private-function src/humanize/i18n.py:112:def _pgettext(msgctxt: str, message: str) -> str:
src/humanize/i18n.py:128: error: private-function src/humanize/i18n.py:128:def _ngettext(message: str, plural: str, num: int) -> str:
src/humanize/i18n.py:143: error: private-function src/humanize/i18n.py:143:def _gettext_noop(message: str) -> str:
src/humanize/i18n.py:162: error: private-function src/humanize/i18n.py:162:def _ngettext_noop(singular: str, plural: str) -> tuple[str, str]:
src/humanize/number.py:23: error: private-assignment src/humanize/number.py:23:_SUPERSCRIPT_MAP = {
src/humanize/number.py:36: error: private-assignment src/humanize/number.py:36:_SUPERSCRIPT_TRANS = str.maketrans(_SUPERSCRIPT_MAP)
src/humanize/number.py:38: error: private-assignment src/humanize/number.py:38:_ORDINAL_SUFFIXES = ("th", "st", "nd", "rd", "th", "th", "th", "th", "th", "th")
src/humanize/number.py:39: error: private-assignment src/humanize/number.py:39:_APNUMBER_WORDS = (
src/humanize/number.py:53: error: private-function src/humanize/number.py:53:def _format_not_finite(value: float) -> str:
src/humanize/time.py:49: error: private-function src/humanize/time.py:49:def _now() -> dt.datetime:
src/humanize/time.py:55: error: private-function src/humanize/time.py:55:def _abs_timedelta(delta: dt.timedelta) -> dt.timedelta:
src/humanize/time.py:70: error: private-function src/humanize/time.py:70:def _date_and_delta(
src/humanize/time.py:302: error: private-function src/humanize/time.py:302:def _convert_aware_datetime(
src/humanize/time.py:316: error: private-function src/humanize/time.py:316:def _today_for_value(value: dt.date | dt.datetime) -> dt.date:
src/humanize/time.py:380: error: private-function src/humanize/time.py:380:def _quotient_and_remainder(
src/humanize/time.py:425: error: private-function src/humanize/time.py:425:def _suitable_minimum_unit(min_unit: Unit, suppress: Iterable[Unit]) -> Unit:
src/humanize/time.py:454: error: private-function src/humanize/time.py:454:def _suppress_lower_units(min_unit: Unit, suppress: Iterable[Unit]) -> set[Unit]:
src/humanize/time.py:677: error: private-function src/humanize/time.py:677:def _rounding_by_fmt(format: str, value: float) -> float | int:
tests/test_benchmarks.py:17: error: private-function tests/test_benchmarks.py:17:def _warmup_i18n() -> None:
.github/ISSUE_TEMPLATE.md:9: error: undocumented-acronym undocumented acronym 'OS'
README.md:9: error: undocumented-acronym undocumented acronym 'MIT'
README.md:9: error: undocumented-acronym undocumented acronym 'LICENCE'
src/humanize/time.py:636: error: repeated-string src/humanize/time.py repeats '%d years' 3 times; extract a named constant
import-linter.check: error: TOOL_EXIT ╔══╗─────────▶╔╗ ╔╗      ╔╗◀───┐
╚╣╠╝◀─────┐  ╔╝╚╗║║────▶╔╝╚╗   │
 ║║   ╔══╦══╦╩╗╔╝║║  ╔╦═╩╗╔╝╔═╦══╗
 ║║╔══╣╔╗║╔╗║╔╣║ ║║ ╔╬╣╔╗║║ ║│║╔═╝
╔╣╠╣║║║╚╝║╚╝║║║╚╗║╚═╝║║║║║╚╗║═╣║
╚══╩╩╩╣╔═╩══╩╝╚═╝╚═══╩╩╝╚╩═╩╩═╩╝
  └──▶║║                    ▲ 
      ╚╝────────────────────┘

Could not find package 'humanize' in your Python path.
