src/humanize/filesize.py:42: error: FBT001 Boolean-typed positional argument in function definition
src/humanize/filesize.py:42: error: FBT002 Boolean default positional argument in function definition
src/humanize/filesize.py:43: error: FBT001 Boolean-typed positional argument in function definition
src/humanize/filesize.py:43: error: FBT002 Boolean default positional argument in function definition
src/humanize/filesize.py:44: error: A002 Function argument `format` is shadowing a Python builtin
src/humanize/number.py:11: error: N812 Lowercase `_ngettext_noop` imported as non-lowercase `NS_`
src/humanize/number.py:12: error: N812 Lowercase `_pgettext` imported as non-lowercase `P_`
src/humanize/number.py:159: error: SIM108 Use ternary operator `value = float(value) if "." in value else int(value)` instead of `if`-`else`-block
src/humanize/number.py:170: error: SIM108 Use ternary operator `result = f"{value:,.{ndigits}f}" if ndigits is not None else f"{value:,}"` instead of `if`-`else`-block
src/humanize/number.py:196: error: A002 Function argument `format` is shadowing a Python builtin
src/humanize/number.py:429: error: A002 Function argument `format` is shadowing a Python builtin
src/humanize/number.py:432: error: S107 Possible hardcoded password assigned to function default: "floor_token"
src/humanize/number.py:433: error: S107 Possible hardcoded password assigned to function default: "ceil_token"
src/humanize/number.py:564: error: SIM108 Use ternary operator `space = "" if not (unit or ordinal_) or unit in ("°", "′", "″") else " "` instead of `if`-`else`-block
src/humanize/number.py:564: error: RUF001 String contains ambiguous `′` (PRIME). Did you mean ``` (GRAVE ACCENT)?
src/humanize/time.py:52: error: DTZ005 `datetime.datetime.now()` called without a `tz` argument
src/humanize/time.py:97: error: C901 `naturaldelta` is too complex (28 > 8)
src/humanize/time.py:99: error: FBT001 Boolean-typed positional argument in function definition
src/humanize/time.py:99: error: FBT002 Boolean default positional argument in function definition
src/humanize/time.py:253: error: FBT001 Boolean-typed positional argument in function definition
src/humanize/time.py:253: error: FBT002 Boolean default positional argument in function definition
src/humanize/time.py:254: error: FBT001 Boolean-typed positional argument in function definition
src/humanize/time.py:254: error: FBT002 Boolean default positional argument in function definition
src/humanize/time.py:312: error: DTZ006 `datetime.datetime.fromtimestamp()` called without a `tz` argument
src/humanize/time.py:322: error: DTZ011 `datetime.date.today()` used
src/humanize/time.py:325: error: A002 Function argument `format` is shadowing a Python builtin
src/humanize/time.py:386: error: A002 Function argument `format` is shadowing a Python builtin
src/humanize/time.py:470: error: C901 `precisedelta` is too complex (15 > 8)
src/humanize/time.py:474: error: A002 Function argument `format` is shadowing a Python builtin
src/humanize/time.py:563: error: N806 Variable `MILLISECONDS` in function should be lowercase
src/humanize/time.py:564: error: N806 Variable `SECONDS` in function should be lowercase
src/humanize/time.py:565: error: N806 Variable `MINUTES` in function should be lowercase
src/humanize/time.py:566: error: N806 Variable `HOURS` in function should be lowercase
src/humanize/time.py:567: error: N806 Variable `DAYS` in function should be lowercase
src/humanize/time.py:568: error: N806 Variable `MONTHS` in function should be lowercase
src/humanize/time.py:569: error: N806 Variable `YEARS` in function should be lowercase
src/humanize/time.py:574: error: ERA001 Found commented-out code
src/humanize/time.py:577: error: ERA001 Found commented-out code
src/humanize/time.py:580: error: ERA001 Found commented-out code
src/humanize/time.py:652: error: RUF052 Local dummy variable `_fmt_value` is accessed
src/humanize/time.py:677: error: A002 Function argument `format` is shadowing a Python builtin
tests/test_benchmarks.py:20: error: DTZ005 `datetime.datetime.now()` called without a `tz` argument
tests/test_benchmarks.py:21: error: DTZ011 `datetime.date.today()` used
tests/test_benchmarks.py:53: error: DTZ011 `datetime.date.today()` used
tests/test_benchmarks.py:57: error: DTZ011 `datetime.date.today()` used
tests/test_benchmarks.py:69: error: DTZ005 `datetime.datetime.now()` called without a `tz` argument
tests/test_filesize.py:13: error: PT006 Wrong type passed to first argument of `pytest.mark.parametrize`; expected `tuple`
tests/test_i18n.py:100: error: PT006 Wrong type passed to first argument of `pytest.mark.parametrize`; expected `tuple`
tests/test_i18n.py:183: error: PT006 Wrong type passed to first argument of `pytest.mark.parametrize`; expected `tuple`
tests/test_i18n.py:218: error: PT006 Wrong type passed to first argument of `pytest.mark.parametrize`; expected `tuple`
tests/test_i18n.py:241: error: PT006 Wrong type passed to first argument of `pytest.mark.parametrize`; expected `tuple`
tests/test_i18n.py:307: error: PLR6301 Method `test_en_locale` could be a function, class method, or static method
tests/test_i18n.py:320: error: PLR6301 Method `test_none_locale` could be a function, class method, or static method
tests/test_lists.py:9: error: PT006 Wrong type passed to first argument of `pytest.mark.parametrize`; expected `tuple`
tests/test_number.py:15: error: PT006 Wrong type passed to first argument of `pytest.mark.parametrize`; expected `tuple`
tests/test_number.py:42: error: PT006 Wrong type passed to first argument of `pytest.mark.parametrize`; expected `tuple`
tests/test_number.py:92: error: PT006 Wrong type passed to first argument of `pytest.mark.parametrize`; expected `tuple`
tests/test_number.py:145: error: PT006 Wrong type passed to first argument of `pytest.mark.parametrize`; expected `tuple`
tests/test_number.py:168: error: PT006 Wrong type passed to first argument of `pytest.mark.parametrize`; expected `tuple`
tests/test_number.py:197: error: PT006 Wrong type passed to first argument of `pytest.mark.parametrize`; expected `tuple`
tests/test_number.py:228: error: PT006 Wrong type passed to first argument of `pytest.mark.parametrize`; expected `tuple`
tests/test_number.py:248: error: PT006 Wrong type passed to first argument of `pytest.mark.parametrize`; expected `tuple`
tests/test_time.py:29: error: DTZ005 `datetime.datetime.now()` called without a `tz` argument
tests/test_time.py:32: error: DTZ011 `datetime.date.today()` used
tests/test_time.py:62: error: DTZ005 `datetime.datetime.now()` called without a `tz` argument
tests/test_time.py:80: error: PT006 Wrong type passed to first argument of `pytest.mark.parametrize`; expected `tuple`
tests/test_time.py:93: error: PT006 Wrong type passed to first argument of `pytest.mark.parametrize`; expected `tuple`
tests/test_time.py:143: error: PT006 Wrong type passed to first argument of `pytest.mark.parametrize`; expected `tuple`
tests/test_time.py:192: error: PT006 Wrong type passed to first argument of `pytest.mark.parametrize`; expected `tuple`
tests/test_time.py:241: error: PT006 Wrong type passed to first argument of `pytest.mark.parametrize`; expected `tuple`
tests/test_time.py:261: error: PT006 Wrong type passed to first argument of `pytest.mark.parametrize`; expected `tuple`
tests/test_time.py:330: error: PT006 Wrong type passed to first argument of `pytest.mark.parametrize`; expected `tuple`
tests/test_time.py:352: error: PT006 Wrong type passed to first argument of `pytest.mark.parametrize`; expected `tuple`
tests/test_time.py:377: error: RUF003 Comment contains ambiguous `µ` (MICRO SIGN). Did you mean `μ` (GREEK SMALL LETTER MU)?
tests/test_time.py:378: error: RUF003 Comment contains ambiguous `µ` (MICRO SIGN). Did you mean `μ` (GREEK SMALL LETTER MU)?
tests/test_time.py:399: error: PT006 Wrong type passed to first argument of `pytest.mark.parametrize`; expected `tuple`
tests/test_time.py:422: error: PT006 Wrong type passed to first argument of `pytest.mark.parametrize`; expected `tuple`
tests/test_time.py:447: error: RUF003 Comment contains ambiguous `µ` (MICRO SIGN). Did you mean `μ` (GREEK SMALL LETTER MU)?
tests/test_time.py:448: error: RUF003 Comment contains ambiguous `µ` (MICRO SIGN). Did you mean `μ` (GREEK SMALL LETTER MU)?
tests/test_time.py:468: error: PT006 Wrong type passed to first argument of `pytest.mark.parametrize`; expected `tuple`
tests/test_time.py:508: error: PT006 Wrong type passed to first argument of `pytest.mark.parametrize`; expected `tuple`
tests/test_time.py:547: error: PT006 Wrong type passed to first argument of `pytest.mark.parametrize`; expected `tuple`
tests/test_time.py:574: error: PT006 Wrong type passed to first argument of `pytest.mark.parametrize`; expected `tuple`
tests/test_time.py:638: error: PT006 Wrong type passed to first argument of `pytest.mark.parametrize`; expected `tuple`
tests/test_time.py:740: error: PT006 Wrong type passed to first argument of `pytest.mark.parametrize`; expected `tuple`
tests/test_time.py:841: error: PT006 Wrong type passed to first argument of `pytest.mark.parametrize`; expected `tuple`
